ojsalesdata/https%3A/%2Fazureopendatastorage.azurefd.net/ojsales-simulatedcontainer/oj_sales_data/Store2403_dominicks.csv
WeekStarting,Store,Brand,Quantity,Advert,Price,Revenue
1990-06-14,2403,dominicks,11495,1,2.52,28967.4
1990-06-21,2403,dominicks,15632,1,2.29,35797.28
1990-06-28,2403,dominicks,12775,1,2.3,29382.499999999996
1990-07-05,2403,dominicks,12803,1,1.9,24325.699999999997
1990-07-12,2403,dominicks,18990,1,2.15,40828.5
1990-07-19,2403,dominicks,10833,1,2.55,27624.149999999998
1990-07-26,2403,dominicks,12124,1,2.15,26066.6
1990-08-02,2403,dominicks,16467,1,1.9,31287.3
1990-08-09,2403,dominicks,17803,1,2.32,41302.96
1990-08-16,2403,dominicks,15179,1,2.1,31875.9
1990-08-23,2403,dominicks,9395,1,2.68,25178.600000000002
1990-08-30,2403,dominicks,10407,1,2.52,26225.64
1990-09-06,2403,dominicks,19660,1,2.06,40499.6
1990-09-13,2403,dominicks,12838,1,2.09,26831.42
1990-09-20,2403,dominicks,10221,1,2.59,26472.39
1990-09-27,2403,dominicks,19789,1,1.99,39380.11
1990-10-04,2403,dominicks,13986,1,2.12,29650.32
1990-10-11,2403,dominicks,14764,1,2.67,39419.88
1990-10-18,2403,dominicks,13200,1,2.08,27456.0
1990-10-25,2403,dominicks,12722,1,1.9,24171.8
1990-11-01,2403,dominicks,16529,1,2.67,44132.43
1990-11-08,2403,dominicks,17305,1,2.54,43954.7
1990-11-15,2403,dominicks,10204,1,1.95,19897.8
1990-11-22,2403,dominicks,14573,1,2.27,33080.71
1990-11-29,2403,dominicks,14475,1,2.61,37779.75
1990-12-06,2403,dominicks,18196,1,2.69,48947.24
1990-12-13,2403,dominicks,13177,1,2.09,27539.929999999997
1990-12-20,2403,dominicks,16483,1,2.14,35273.62
1990-12-27,2403,dominicks,15715,1,2.05,32215.749999999996
1991-01-03,2403,dominicks,18062,1,1.96,35401.52
1991-01-10,2403,dominicks,14433,1,2.53,36515.49
1991-01-17,2403,dominicks,12204,1,1.91,23309.64
1991-01-24,2403,dominicks,19570,1,2.21,43249.7
1991-01-31,2403,dominicks,16032,1,2.17,34789.44
1991-02-07,2403,dominicks,16975,1,2.05,34798.75
1991-02-14,2403,dominicks,18612,1,2.45,45599.4
1991-02-21,2403,dominicks,17052,1,2.27,38708.04
1991-02-28,2403,dominicks,14232,1,2.43,34583.76
1991-03-07,2403,dominicks,11733,1,2.68,31444.440000000002
1991-03-14,2403,dominicks,11887,1,2.24,26626.88
1991-03-21,2403,dominicks,10485,1,2.02,21179.7
1991-03-28,2403,dominicks,9489,1,2.62,24861.18
1991-04-04,2403,dominicks,17959,1,2.58,46334.22
1991-04-11,2403,dominicks,16951,1,2.27,38478.77
1991-04-18,2403,dominicks,12442,1,2.39,29736.38
1991-04-25,2403,dominicks,13789,1,2.57,35437.729999999996
1991-05-02,2403,dominicks,15943,1,2.23,35552.89
1991-05-09,2403,dominicks,15314,1,2.61,39969.54
1991-05-16,2403,dominicks,12172,1,1.99,24222.28
1991-05-23,2403,dominicks,10369,1,2.55,26440.949999999997
1991-05-30,2403,dominicks,13811,1,2.49,34389.39
1991-06-06,2403,dominicks,16704,1,2.34,39087.36
1991-06-13,2403,dominicks,15655,1,1.93,30214.149999999998
1991-06-20,2403,dominicks,12753,1,2.24,28566.72
1991-06-27,2403,dominicks,18735,1,2.16,40467.600000000006
1991-07-04,2403,dominicks,12179,1,2.52,30691.08
1991-07-11,2403,dominicks,10842,1,2.48,26888.16
1991-07-18,2403,dominicks,19154,1,2.02,38691.08
1991-07-25,2403,dominicks,14372,1,2.13,30612.359999999997
1991-08-01,2403,dominicks,14891,1,2.43,36185.130000000005
1991-08-08,2403,dominicks,15284,1,1.94,29650.96
1991-08-15,2403,dominicks,11562,1,2.4,27748.8
1991-08-22,2403,dominicks,12215,1,2.05,25040.749999999996
1991-08-29,2403,dominicks,12335,1,2.03,25040.05
1991-09-05,2403,dominicks,19997,1,2.32,46393.03999999999
1991-09-12,2403,dominicks,9414,1,2.57,24193.98
1991-09-19,2403,dominicks,15099,1,1.93,29141.07
1991-09-26,2403,dominicks,15216,1,2.45,37279.200000000004
1991-10-03,2403,dominicks,13973,1,1.94,27107.62
1991-10-10,2403,dominicks,19939,1,1.91,38083.49
1991-10-17,2403,dominicks,11793,1,2.69,31723.17
1991-10-24,2403,dominicks,11917,1,2.43,28958.31
1991-10-31,2403,dominicks,9794,1,2.45,23995.300000000003
1991-11-07,2403,dominicks,14442,1,2.49,35960.58
1991-11-14,2403,dominicks,19684,1,2.66,52359.44
1991-11-21,2403,dominicks,10864,1,2.27,24661.28
1991-11-28,2403,dominicks,9159,1,2.48,22714.32
1991-12-05,2403,dominicks,19498,1,2.17,42310.659999999996
1991-12-12,2403,dominicks,18910,1,2.36,44627.6
1991-12-19,2403,dominicks,12389,1,2.43,30105.27
1991-12-26,2403,dominicks,19791,1,2.04,40373.64
1992-01-02,2403,dominicks,11842,1,2.4,28420.8
1992-01-09,2403,dominicks,17445,1,1.99,34715.55
1992-01-16,2403,dominicks,14375,1,2.01,28893.749999999996
1992-01-23,2403,dominicks,10440,1,2.11,22028.399999999998
1992-01-30,2403,dominicks,15258,1,2.66,40586.28
1992-02-06,2403,dominicks,15472,1,2.58,39917.76
1992-02-13,2403,dominicks,13998,1,2.68,37514.64
1992-02-20,2403,dominicks,14384,1,2.15,30925.6
1992-02-27,2403,dominicks,10458,1,2.54,26563.32
1992-03-05,2403,dominicks,9109,1,2.63,23956.67
1992-03-12,2403,dominicks,11141,1,2.67,29746.469999999998
1992-03-19,2403,dominicks,15513,1,2.21,34283.729999999996
1992-03-26,2403,dominicks,13838,1,2.2,30443.600000000002
1992-04-02,2403,dominicks,18557,1,2.1,38969.700000000004
1992-04-09,2403,dominicks,11960,1,2.04,24398.4
1992-04-16,2403,dominicks,18139,1,2.31,41901.090000000004
1992-04-23,2403,dominicks,18114,1,2.36,42749.04
1992-04-30,2403,dominicks,14001,1,2.14,29962.140000000003
1992-05-07,2403,dominicks,16597,1,2.56,42488.32
1992-05-14,2403,dominicks,19407,1,2.14,41530.98
1992-05-21,2403,dominicks,10072,1,2.6,26187.2
1992-05-28,2403,dominicks,10570,1,2.3,24310.999999999996
1992-06-04,2403,dominicks,18010,1,2.27,40882.7
1992-06-11,2403,dominicks,11334,1,2.45,27768.300000000003
1992-06-18,2403,dominicks,14658,1,1.98,29022.84
1992-06-25,2403,dominicks,19647,1,1.98,38901.06
1992-07-02,2403,dominicks,18581,1,1.96,36418.76
1992-07-09,2403,dominicks,14502,1,1.93,27988.86
1992-07-16,2403,dominicks,18278,1,2.3,42039.399999999994
1992-07-23,2403,dominicks,18541,1,2.09,38750.689999999995
1992-07-30,2403,dominicks,12425,1,2.26,28080.499999999996
1992-08-06,2403,dominicks,14036,1,2.39,33546.04
1992-08-13,2403,dominicks,17818,1,2.49,44366.82000000001
1992-08-20,2403,dominicks,10730,1,2.69,28863.7
1992-08-27,2403,dominicks,18603,1,2.53,47065.59
1992-09-03,2403,dominicks,17531,1,2.43,42600.33
1992-09-10,2403,dominicks,19114,1,2.13,40712.82
1992-09-17,2403,dominicks,14786,1,2.38,35190.68
1992-09-24,2403,dominicks,16179,1,1.96,31710.84
1992-10-01,2403,dominicks,13192,1,2.42,31924.64
